// Jest Snapshot v1, https://goo.gl/fbAQLP

exports[`Reservation form should match snapshot 1`] = `
<div class="c-reservation-form">
  <c-price-stub price="100"></c-price-stub>
  <c-reviews-stub rating="4" reviews="50"></c-reviews-stub>
  <c-separator-stub></c-separator-stub>
  <c-date-picker-stub availabledates="2021-02-10,2021-02-28" disableddates="2021-02-10,2021-02-28" selecteddates="2021-02-12,2021-02-18"></c-date-picker-stub>
</div>
`;
