// Jest Snapshot v1, https://goo.gl/fbAQLP

exports[`Date picker component should match snapshot 1`] = `
<c-date-picker-wrapper-stub class="c-date-picker">
  <c-date-picker-editor-stub startplaceholder="Check In" endplaceholder="Check Out"></c-date-picker-editor-stub>
  <c-date-picker-panel-stub style="display: none;"></c-date-picker-panel-stub>
</c-date-picker-wrapper-stub>
`;
